[gen-shared] step 1/2 — shared: emit OpenAPI.yaml...

> @lab/management-system-shared@0.1.0 emit:openapi
> tsx scripts/codegen/emit-openapi.ts

[emit-openapi] compiling TypeSpec → OpenAPI 3.1...
TypeSpec compiler v1.15.0

- Compiling...
[32m✔[39m Compiling
- Running @typespec/openapi3...
[32m✔[39m @typespec/openapi3 [32m168ms[39m [2mgenerated/openapi/[22m

Compilation completed successfully.

[emit-openapi] OK
[emit-fuzz] injected x-fuzz on 1 paths, 0 missing
[gen-shared] step 2/2 — springboot: openapi-generator → src/main/java/...
[main] [34mINFO [0;39m o.o.codegen.DefaultGenerator - Generating with dryRun=false
[main] [34mINFO [0;39m o.o.c.ignore.CodegenIgnoreProcessor - Output directory (D:\qiand-life\1-projects\xr-code-suite\output\lab-management-system-springboot\.openapi-tmp\java) does not exist, or is inaccessible. No file (.openapi-generator-ignore) will be evaluated.
[main] [34mINFO [0;39m o.o.codegen.DefaultGenerator - OpenAPI Generator: spring (server)
[main] [34mINFO [0;39m o.o.codegen.DefaultGenerator - Generator 'spring' is considered stable.
[main] [34mINFO [0;39m o.o.codegen.languages.SpringCodegen - ----------------------------------
[main] [34mINFO [0;39m o.o.codegen.languages.SpringCodegen - Set base package to invoker package (io.xr.lab.shared)
[main] [34mINFO [0;39m o.o.c.languages.AbstractJavaCodegen - Environment variable JAVA_POST_PROCESS_FILE not defined so the Java code may not be properly formatted. To define it, try 'export JAVA_POST_PROCESS_FILE="/usr/local/bin/clang-format -i"' (Linux/Mac)
[main] [34mINFO [0;39m o.o.c.languages.AbstractJavaCodegen - NOTE: To enable file post-processing, 'enablePostProcessFile' must be set to `true` (--enable-post-process-file for CLI).
[main] [34mINFO [0;39m o.o.codegen.languages.SpringCodegen - Defaulting includeHttpRequestContext to 'false' for blocking
[main] [34mINFO [0;39m o.o.codegen.InlineModelResolver - Inline schema created as Auth_logout_request. To have complete control of the model name, set the `title` field or use the modelNameMapping option (e.g. --model-name-mappings Auth_logout_request=NewModel,ModelA=NewModelA in CLI) or inlineSchemaNameMapping option (--inline-schema-name-mappings Auth_logout_request=NewModel,ModelA=NewModelA in CLI).
[main] [34mINFO [0;39m o.o.codegen.InlineModelResolver - Inline schema created as Catalog_listBrands_200_response. To have complete control of the model name, set the `title` field or use the modelNameMapping option (e.g. --model-name-mappings Catalog_listBrands_200_response=NewModel,ModelA=NewModelA in CLI) or inlineSchemaNameMapping option (--inline-schema-name-mappings Catalog_listBrands_200_response=NewModel,ModelA=NewModelA in CLI).
[main] [34mINFO [0;39m o.o.codegen.InlineModelResolver - Inline schema created as Catalog_listGrades_200_response. To have complete control of the model name, set the `title` field or use the modelNameMapping option (e.g. --model-name-mappings Catalog_listGrades_200_response=NewModel,ModelA=NewModelA in CLI) or inlineSchemaNameMapping option (--inline-schema-name-mappings Catalog_listGrades_200_response=NewModel,ModelA=NewModelA in CLI).
[main] [34mINFO [0;39m o.o.codegen.InlineModelResolver - Inline schema created as Catalog_listModels_200_response. To have complete control of the model name, set the `title` field or use the modelNameMapping option (e.g. --model-name-mappings Catalog_listModels_200_response=NewModel,ModelA=NewModelA in CLI) or inlineSchemaNameMapping option (--inline-schema-name-mappings Catalog_listModels_200_response=NewModel,ModelA=NewModelA in CLI).
[main] [34mINFO [0;39m o.o.codegen.InlineModelResolver - Inline schema created as Catalog_listSpecs_200_response. To have complete control of the model name, set the `title` field or use the modelNameMapping option (e.g. --model-name-mappings Catalog_listSpecs_200_response=NewModel,ModelA=NewModelA in CLI) or inlineSchemaNameMapping option (--inline-schema-name-mappings Catalog_listSpecs_200_response=NewModel,ModelA=NewModelA in CLI).
[main] [34mINFO [0;39m o.o.codegen.InlineModelResolver - Inline schema created as Contracts_listContracts_200_response. To have complete control of the model name, set the `title` field or use the modelNameMapping option (e.g. --model-name-mappings Contracts_listContracts_200_response=NewModel,ModelA=NewModelA in CLI) or inlineSchemaNameMapping option (--inline-schema-name-mappings Contracts_listContracts_200_response=NewModel,ModelA=NewModelA in CLI).
[main] [34mINFO [0;39m o.o.codegen.InlineModelResolver - Inline schema created as InspectionDictionary_listObjectParameterLinks_200_response. To have complete control of the model name, set the `title` field or use the modelNameMapping option (e.g. --model-name-mappings InspectionDictionary_listObjectParameterLinks_200_response=NewModel,ModelA=NewModelA in CLI) or inlineSchemaNameMapping option (--inline-schema-name-mappings InspectionDictionary_listObjectParameterLinks_200_response=NewModel,ModelA=NewModelA in CLI).
[main] [34mINFO [0;39m o.o.codegen.InlineModelResolver - Inline schema created as InspectionDictionary_unlinkObjectParameter_request. To have complete control of the model name, set the `title` field or use the modelNameMapping option (e.g. --model-name-mappings InspectionDictionary_unlinkObjectParameter_request=NewModel,ModelA=NewModelA in CLI) or inlineSchemaNameMapping option (--inline-schema-name-mappings InspectionDictionary_unlinkObjectParameter_request=NewModel,ModelA=NewModelA in CLI).
[main] [34mINFO [0;39m o.o.codegen.InlineModelResolver - Inline schema created as InspectionDictionary_listObjectStandardLinks_200_response. To have complete control of the model name, set the `title` field or use the modelNameMapping option (e.g. --model-name-mappings InspectionDictionary_listObjectStandardLinks_200_response=NewModel,ModelA=NewModelA in CLI) or inlineSchemaNameMapping option (--inline-schema-name-mappings InspectionDictionary_listObjectStandardLinks_200_response=NewModel,ModelA=NewModelA in CLI).
[main] [34mINFO [0;39m o.o.codegen.InlineModelResolver - Inline schema created as InspectionDictionary_unlinkObjectStandard_request. To have complete control of the model name, set the `title` field or use the modelNameMapping option (e.g. --model-name-mappings InspectionDictionary_unlinkObjectStandard_request=NewModel,ModelA=NewModelA in CLI) or inlineSchemaNameMapping option (--inline-schema-name-mappings InspectionDictionary_unlinkObjectStandard_request=NewModel,ModelA=NewModelA in CLI).
[main] [34mINFO [0;39m o.o.codegen.InlineModelResolver - Inline schema created as InspectionDictionary_listSpecialtyObjectLinks_200_response. To have complete control of the model name, set the `title` field or use the modelNameMapping option (e.g. --model-name-mappings InspectionDictionary_listSpecialtyObjectLinks_200_response=NewModel,ModelA=NewModelA in CLI) or inlineSchemaNameMapping option (--inline-schema-name-mappings InspectionDictionary_listSpecialtyObjectLinks_200_response=NewModel,ModelA=NewModelA in CLI).
[main] [34mINFO [0;39m o.o.codegen.InlineModelResolver - Inline schema created as InspectionDictionary_listStandardParameterLinks_200_response. To have complete control of the model name, set the `title` field or use the modelNameMapping option (e.g. --model-name-mappings InspectionDictionary_listStandardParameterLinks_200_response=NewModel,ModelA=NewModelA in CLI) or inlineSchemaNameMapping option (--inline-schema-name-mappings InspectionDictionary_listStandardParameterLinks_200_response=NewModel,ModelA=NewModelA in CLI).
[main] [34mINFO [0;39m o.o.codegen.InlineModelResolver - Inline schema created as InspectionDictionary_listObjects_200_response. To have complete control of the model name, set the `title` field or use the modelNameMapping option (e.g. --model-name-mappings InspectionDictionary_listObjects_200_response=NewModel,ModelA=NewModelA in CLI) or inlineSchemaNameMapping option (--inline-schema-name-mappings InspectionDictionary_listObjects_200_response=NewModel,ModelA=NewModelA in CLI).
[main] [34mINFO [0;39m o.o.codegen.InlineModelResolver - Inline schema created as InspectionDictionary_listParameters_200_response. To have complete control of the model name, set the `title` field or use the modelNameMapping option (e.g. --model-name-mappings InspectionDictionary_listParameters_200_response=NewModel,ModelA=NewModelA in CLI) or inlineSchemaNameMapping option (--inline-schema-name-mappings InspectionDictionary_listParameters_200_response=NewModel,ModelA=NewModelA in CLI).
[main] [34mINFO [0;39m o.o.codegen.InlineModelResolver - Inline schema created as InspectionDictionary_listSpecialties_200_response. To have complete control of the model name, set the `title` field or use the modelNameMapping option (e.g. --model-name-mappings InspectionDictionary_listSpecialties_200_response=NewModel,ModelA=NewModelA in CLI) or inlineSchemaNameMapping option (--inline-schema-name-mappings InspectionDictionary_listSpecialties_200_response=NewModel,ModelA=NewModelA in CLI).
[main] [34mINFO [0;39m o.o.codegen.InlineModelResolver - Inline schema created as InspectionDictionary_listStandards_200_response. To have complete control of the model name, set the `title` field or use the modelNameMapping option (e.g. --model-name-mappings InspectionDictionary_listStandards_200_response=NewModel,ModelA=NewModelA in CLI) or inlineSchemaNameMapping option (--inline-schema-name-mappings InspectionDictionary_listStandards_200_response=NewModel,ModelA=NewModelA in CLI).
[main] [34mINFO [0;39m o.o.codegen.InlineModelResolver - Inline schema created as ParamInterfaces_listParamInterfaces_200_response. To have complete control of the model name, set the `title` field or use the modelNameMapping option (e.g. --model-name-mappings ParamInterfaces_listParamInterfaces_200_response=NewModel,ModelA=NewModelA in CLI) or inlineSchemaNameMapping option (--inline-schema-name-mappings ParamInterfaces_listParamInterfaces_200_response=NewModel,ModelA=NewModelA in CLI).
[main] [34mINFO [0;39m o.o.codegen.InlineModelResolver - Inline schema created as ParamInterfaces_listParamInterfaceLinks_200_response. To have complete control of the model name, set the `title` field or use the modelNameMapping option (e.g. --model-name-mappings ParamInterfaces_listParamInterfaceLinks_200_response=NewModel,ModelA=NewModelA in CLI) or inlineSchemaNameMapping option (--inline-schema-name-mappings ParamInterfaces_listParamInterfaceLinks_200_response=NewModel,ModelA=NewModelA in CLI).
[main] [34mINFO [0;39m o.o.codegen.InlineModelResolver - Inline schema created as ParamInterfaces_unlinkParamInterface_request. To have complete control of the model name, set the `title` field or use the modelNameMapping option (e.g. --model-name-mappings ParamInterfaces_unlinkParamInterface_request=NewModel,ModelA=NewModelA in CLI) or inlineSchemaNameMapping option (--inline-schema-name-mappings ParamInterfaces_unlinkParamInterface_request=NewModel,ModelA=NewModelA in CLI).
[main] [34mINFO [0;39m o.o.codegen.InlineModelResolver - Inline schema created as Receipts_listReceipts_200_response. To have complete control of the model name, set the `title` field or use the modelNameMapping option (e.g. --model-name-mappings Receipts_listReceipts_200_response=NewModel,ModelA=NewModelA in CLI) or inlineSchemaNameMapping option (--inline-schema-name-mappings Receipts_listReceipts_200_response=NewModel,ModelA=NewModelA in CLI).
[main] [34mINFO [0;39m o.o.codegen.InlineModelResolver - Inline schema created as ReportNames_listReportNames_200_response. To have complete control of the model name, set the `title` field or use the modelNameMapping option (e.g. --model-name-mappings ReportNames_listReportNames_200_response=NewModel,ModelA=NewModelA in CLI) or inlineSchemaNameMapping option (--inline-schema-name-mappings ReportNames_listReportNames_200_response=NewModel,ModelA=NewModelA in CLI).
[main] [34mINFO [0;39m o.o.codegen.InlineModelResolver - Inline schema created as ReportNames_listObjectReportNameLinks_200_response. To have complete control of the model name, set the `title` field or use the modelNameMapping option (e.g. --model-name-mappings ReportNames_listObjectReportNameLinks_200_response=NewModel,ModelA=NewModelA in CLI) or inlineSchemaNameMapping option (--inline-schema-name-mappings ReportNames_listObjectReportNameLinks_200_response=NewModel,ModelA=NewModelA in CLI).
[main] [34mINFO [0;39m o.o.codegen.InlineModelResolver - Inline schema created as ReportNames_unlinkObjectReportName_request. To have complete control of the model name, set the `title` field or use the modelNameMapping option (e.g. --model-name-mappings ReportNames_unlinkObjectReportName_request=NewModel,ModelA=NewModelA in CLI) or inlineSchemaNameMapping option (--inline-schema-name-mappings ReportNames_unlinkObjectReportName_request=NewModel,ModelA=NewModelA in CLI).
[main] [34mINFO [0;39m o.o.codegen.InlineModelResolver - Inline schema created as ReportNames_listReportNameParameterLinks_200_response. To have complete control of the model name, set the `title` field or use the modelNameMapping option (e.g. --model-name-mappings ReportNames_listReportNameParameterLinks_200_response=NewModel,ModelA=NewModelA in CLI) or inlineSchemaNameMapping option (--inline-schema-name-mappings ReportNames_listReportNameParameterLinks_200_response=NewModel,ModelA=NewModelA in CLI).
[main] [34mINFO [0;39m o.o.codegen.InlineModelResolver - Inline schema created as ReportNames_unlinkReportNameParameter_request. To have complete control of the model name, set the `title` field or use the modelNameMapping option (e.g. --model-name-mappings ReportNames_unlinkReportNameParameter_request=NewModel,ModelA=NewModelA in CLI) or inlineSchemaNameMapping option (--inline-schema-name-mappings ReportNames_unlinkReportNameParameter_request=NewModel,ModelA=NewModelA in CLI).
[main] [34mINFO [0;39m o.o.codegen.InlineModelResolver - Inline schema created as ReportNames_listReportNameStandardLinks_200_response. To have complete control of the model name, set the `title` field or use the modelNameMapping option (e.g. --model-name-mappings ReportNames_listReportNameStandardLinks_200_response=NewModel,ModelA=NewModelA in CLI) or inlineSchemaNameMapping option (--inline-schema-name-mappings ReportNames_listReportNameStandardLinks_200_response=NewModel,ModelA=NewModelA in CLI).
[main] [34mINFO [0;39m o.o.codegen.InlineModelResolver - Inline schema created as ReportNames_unlinkReportNameStandard_request. To have complete control of the model name, set the `title` field or use the modelNameMapping option (e.g. --model-name-mappings ReportNames_unlinkReportNameStandard_request=NewModel,ModelA=NewModelA in CLI) or inlineSchemaNameMapping option (--inline-schema-name-mappings ReportNames_unlinkReportNameStandard_request=NewModel,ModelA=NewModelA in CLI).
[main] [34mINFO [0;39m o.o.codegen.InlineModelResolver - Inline schema created as Samples_listSamples_200_response. To have complete control of the model name, set the `title` field or use the modelNameMapping option (e.g. --model-name-mappings Samples_listSamples_200_response=NewModel,ModelA=NewModelA in CLI) or inlineSchemaNameMapping option (--inline-schema-name-mappings Samples_listSamples_200_response=NewModel,ModelA=NewModelA in CLI).
[main] [34mINFO [0;39m o.o.codegen.InlineModelResolver - Inline schema created as TestRecords_listTestRecords_200_response. To have complete control of the model name, set the `title` field or use the modelNameMapping option (e.g. --model-name-mappings TestRecords_listTestRecords_200_response=NewModel,ModelA=NewModelA in CLI) or inlineSchemaNameMapping option (--inline-schema-name-mappings TestRecords_listTestRecords_200_response=NewModel,ModelA=NewModelA in CLI).
[main] [34mINFO [0;39m o.o.codegen.InlineModelResolver - Inline schema created as TestRecords_setVerdict_request. To have complete control of the model name, set the `title` field or use the modelNameMapping option (e.g. --model-name-mappings TestRecords_setVerdict_request=NewModel,ModelA=NewModelA in CLI) or inlineSchemaNameMapping option (--inline-schema-name-mappings TestRecords_setVerdict_request=NewModel,ModelA=NewModelA in CLI).
[main] [34mINFO [0;39m o.o.codegen.InlineModelResolver - Inline schema created as AuthStateAnonymous_value. To have complete control of the model name, set the `title` field or use the modelNameMapping option (e.g. --model-name-mappings AuthStateAnonymous_value=NewModel,ModelA=NewModelA in CLI) or inlineSchemaNameMapping option (--inline-schema-name-mappings AuthStateAnonymous_value=NewModel,ModelA=NewModelA in CLI).
[main] [34mINFO [0;39m o.o.codegen.InlineModelResolver - Inline schema created as AuthStateAuthenticated_value. To have complete control of the model name, set the `title` field or use the modelNameMapping option (e.g. --model-name-mappings AuthStateAuthenticated_value=NewModel,ModelA=NewModelA in CLI) or inlineSchemaNameMapping option (--inline-schema-name-mappings AuthStateAuthenticated_value=NewModel,ModelA=NewModelA in CLI).
[main] [34mINFO [0;39m o.o.codegen.InlineModelResolver - Inline schema created as AuthStateAwaiting_tenant_value. To have complete control of the model name, set the `title` field or use the modelNameMapping option (e.g. --model-name-mappings AuthStateAwaiting_tenant_value=NewModel,ModelA=NewModelA in CLI) or inlineSchemaNameMapping option (--inline-schema-name-mappings AuthStateAwaiting_tenant_value=NewModel,ModelA=NewModelA in CLI).
[main] [34mINFO [0;39m o.o.codegen.InlineModelResolver - Inline schema created as AuthStateIdle_value. To have complete control of the model name, set the `title` field or use the modelNameMapping option (e.g. --model-name-mappings AuthStateIdle_value=NewModel,ModelA=NewModelA in CLI) or inlineSchemaNameMapping option (--inline-schema-name-mappings AuthStateIdle_value=NewModel,ModelA=NewModelA in CLI).
[main] [34mINFO [0;39m o.o.codegen.InlineModelResolver - Inline schema created as DashboardStats_reportCountByStatus. To have complete control of the model name, set the `title` field or use the modelNameMapping option (e.g. --model-name-mappings DashboardStats_reportCountByStatus=NewModel,ModelA=NewModelA in CLI) or inlineSchemaNameMapping option (--inline-schema-name-mappings DashboardStats_reportCountByStatus=NewModel,ModelA=NewModelA in CLI).
[main] [34mINFO [0;39m o.o.codegen.InlineModelResolver - Inline schema created as DashboardStats_qualifiedRateByMaterial. To have complete control of the model name, set the `title` field or use the modelNameMapping option (e.g. --model-name-mappings DashboardStats_qualifiedRateByMaterial=NewModel,ModelA=NewModelA in CLI) or inlineSchemaNameMapping option (--inline-schema-name-mappings DashboardStats_qualifiedRateByMaterial=NewModel,ModelA=NewModelA in CLI).
[main] [34mINFO [0;39m o.o.codegen.InlineModelResolver - Inline schema created as DashboardStats_reportOutputByStatus. To have complete control of the model name, set the `title` field or use the modelNameMapping option (e.g. --model-name-mappings DashboardStats_reportOutputByStatus=NewModel,ModelA=NewModelA in CLI) or inlineSchemaNameMapping option (--inline-schema-name-mappings DashboardStats_reportOutputByStatus=NewModel,ModelA=NewModelA in CLI).
[main] [34mINFO [0;39m o.o.codegen.InlineModelResolver - Inline schema created as DashboardStats_funnelByStage. To have complete control of the model name, set the `title` field or use the modelNameMapping option (e.g. --model-name-mappings DashboardStats_funnelByStage=NewModel,ModelA=NewModelA in CLI) or inlineSchemaNameMapping option (--inline-schema-name-mappings DashboardStats_funnelByStage=NewModel,ModelA=NewModelA in CLI).
[main] [34mINFO [0;39m o.o.c.languages.AbstractJavaCodegen - Processing operation FrontendBindMeta_getFrontendBindSnapshot
[main] [34mINFO [0;39m o.o.c.languages.AbstractJavaCodegen - Processing operation Auth_login
[main] [34mINFO [0;39m o.o.c.languages.AbstractJavaCodegen - Processing operation Auth_logout
[main] [34mINFO [0;39m o.o.c.languages.AbstractJavaCodegen - Processing operation Auth_getCurrentUser
[main] [34mINFO [0;39m o.o.c.languages.AbstractJavaCodegen - Processing operation Auth_getMenus
[main] [34mINFO [0;39m o.o.c.languages.AbstractJavaCodegen - Processing operation Auth_getPermissions
[main] [34mINFO [0;39m o.o.c.languages.AbstractJavaCodegen - Processing operation Auth_refresh
[main] [34mINFO [0;39m o.o.c.languages.AbstractJavaCodegen - Processing operation Auth_ssoAuthorize
[main] [34mINFO [0;39m o.o.c.languages.AbstractJavaCodegen - Processing operation Auth_ssoCallback
[main] [34mINFO [0;39m o.o.c.languages.AbstractJavaCodegen - Processing operation Auth_switchTenant
[main] [34mINFO [0;39m o.o.c.languages.AbstractJavaCodegen - Processing operation CalculationMethods_listCalculationMethods
[main] [34mINFO [0;39m o.o.c.languages.AbstractJavaCodegen - Processing operation CalculationMethods_createCalculationMethod
[main] [34mINFO [0;39m o.o.c.languages.AbstractJavaCodegen - Processing operation CalculationMethods_getCalculationMethod
[main] [34mINFO [0;39m o.o.c.languages.AbstractJavaCodegen - Processing operation CalculationMethods_updateCalculationMethod
[main] [34mINFO [0;39m o.o.c.languages.AbstractJavaCodegen - Processing operation CalculationMethods_deleteCalculationMethod
[main] [34mINFO [0;39m o.o.c.languages.AbstractJavaCodegen - Processing operation Catalog_listBrands
[main] [34mINFO [0;39m o.o.c.languages.AbstractJavaCodegen - Processing operation Catalog_createBrand
[main] [34mINFO [0;39m o.o.c.languages.AbstractJavaCodegen - Processing operation Catalog_updateBrand
[main] [34mINFO [0;39m o.o.c.languages.AbstractJavaCodegen - Processing operation Catalog_deleteBrand
[main] [34mINFO [0;39m o.o.c.languages.AbstractJavaCodegen - Processing operation Catalog_listGrades
[main] [34mINFO [0;39m o.o.c.languages.AbstractJavaCodegen - Processing operation Catalog_createGrade
[main] [34mINFO [0;39m o.o.c.languages.AbstractJavaCodegen - Processing operation Catalog_updateGrade
[main] [34mINFO [0;39m o.o.c.languages.AbstractJavaCodegen - Processing operation Catalog_deleteGrade
[main] [34mINFO [0;39m o.o.c.languages.AbstractJavaCodegen - Processing operation Catalog_listModels
[main] [34mINFO [0;39m o.o.c.languages.AbstractJavaCodegen - Processing operation Catalog_createModel
[main] [34mINFO [0;39m o.o.c.languages.AbstractJavaCodegen - Processing operation Catalog_updateModel
[main] [34mINFO [0;39m o.o.c.languages.AbstractJavaCodegen - Processing operation Catalog_deleteModel
[main] [34mINFO [0;39m o.o.c.languages.AbstractJavaCodegen - Processing operation Catalog_listSpecs
[main] [34mINFO [0;39m o.o.c.languages.AbstractJavaCodegen - Processing operation Catalog_createSpec
[main] [34mINFO [0;39m o.o.c.languages.AbstractJavaCodegen - Processing operation Catalog_updateSpec
[main] [34mINFO [0;39m o.o.c.languages.AbstractJavaCodegen - Processing operation Catalog_deleteSpec
[main] [34mINFO [0;39m o.o.c.languages.AbstractJavaCodegen - Processing operation Contracts_listContracts
[main] [34mINFO [0;39m o.o.c.languages.AbstractJavaCodegen - Processing operation Contracts_createContract
[main] [34mINFO [0;39m o.o.c.languages.AbstractJavaCodegen - Processing operation Contracts_getContract
[main] [34mINFO [0;39m o.o.c.languages.AbstractJavaCodegen - Processing operation Contracts_updateContract
[main] [34mINFO [0;39m o.o.c.languages.AbstractJavaCodegen - Processing operation Contracts_deleteContract
[main] [34mINFO [0;39m o.o.c.languages.AbstractJavaCodegen - Processing operation InspectionDictionary_listObjectParameterLinks
[main] [34mINFO [0;39m o.o.c.languages.AbstractJavaCodegen - Processing operation InspectionDictionary_linkObjectParameter
[main] [34mINFO [0;39m o.o.c.languages.AbstractJavaCodegen - Processing operation InspectionDictionary_unlinkObjectParameter
[main] [34mINFO [0;39m o.o.c.languages.AbstractJavaCodegen - Processing operation InspectionDictionary_listObjectStandardLinks
[main] [34mINFO [0;39m o.o.c.languages.AbstractJavaCodegen - Processing operation InspectionDictionary_linkObjectStandard
[main] [34mINFO [0;39m o.o.c.languages.AbstractJavaCodegen - Processing operation InspectionDictionary_unlinkObjectStandard
[main] [34mINFO [0;39m o.o.c.languages.AbstractJavaCodegen - Processing operation InspectionDictionary_listSpecialtyObjectLinks
[main] [34mINFO [0;39m o.o.c.languages.AbstractJavaCodegen - Processing operation InspectionDictionary_linkSpecialtyObject
[main] [34mINFO [0;39m o.o.c.languages.AbstractJavaCodegen - Processing operation InspectionDictionary_unlinkSpecialtyObject
[main] [34mINFO [0;39m o.o.c.languages.AbstractJavaCodegen - Processing operation InspectionDictionary_listStandardParameterLinks
[main] [34mINFO [0;39m o.o.c.languages.AbstractJavaCodegen - Processing operation InspectionDictionary_linkStandardParameter
[main] [34mINFO [0;39m o.o.c.languages.AbstractJavaCodegen - Processing operation InspectionDictionary_unlinkStandardParameter
[main] [34mINFO [0;39m o.o.c.languages.AbstractJavaCodegen - Processing operation InspectionDictionary_listObjects
[main] [34mINFO [0;39m o.o.c.languages.AbstractJavaCodegen - Processing operation InspectionDictionary_createObject
[main] [34mINFO [0;39m o.o.c.languages.AbstractJavaCodegen - Processing operation InspectionDictionary_updateObject
[main] [34mINFO [0;39m o.o.c.languages.AbstractJavaCodegen - Processing operation InspectionDictionary_deleteObject
[main] [34mINFO [0;39m o.o.c.languages.AbstractJavaCodegen - Processing operation InspectionDictionary_listParameters
[main] [34mINFO [0;39m o.o.c.languages.AbstractJavaCodegen - Processing operation InspectionDictionary_createParameter
[main] [34mINFO [0;39m o.o.c.languages.AbstractJavaCodegen - Processing operation InspectionDictionary_updateParameter
[main] [34mINFO [0;39m o.o.c.languages.AbstractJavaCodegen - Processing operation InspectionDictionary_deleteParameter
[main] [34mINFO [0;39m o.o.c.languages.AbstractJavaCodegen - Processing operation InspectionDictionary_listSpecialties
[main] [34mINFO [0;39m o.o.c.languages.AbstractJavaCodegen - Processing operation InspectionDictionary_createSpecialty
[main] [34mINFO [0;39m o.o.c.languages.AbstractJavaCodegen - Processing operation InspectionDictionary_updateSpecialty
[main] [34mINFO [0;39m o.o.c.languages.AbstractJavaCodegen - Processing operation InspectionDictionary_deleteSpecialty
[main] [34mINFO [0;39m o.o.c.languages.AbstractJavaCodegen - Processing operation InspectionDictionary_listStandards
[main] [34mINFO [0;39m o.o.c.languages.AbstractJavaCodegen - Processing operation InspectionDictionary_createStandard
[main] [34mINFO [0;39m o.o.c.languages.AbstractJavaCodegen - Processing operation InspectionDictionary_updateStandard
[main] [34mINFO [0;39m o.o.c.languages.AbstractJavaCodegen - Processing operation InspectionDictionary_deleteStandard
[main] [34mINFO [0;39m o.o.c.languages.AbstractJavaCodegen - Processing operation ParamInterfaces_listParamInterfaces
[main] [34mINFO [0;39m o.o.c.languages.AbstractJavaCodegen - Processing operation ParamInterfaces_createParamInterface
[main] [34mINFO [0;39m o.o.c.languages.AbstractJavaCodegen - Processing operation ParamInterfaces_listParamInterfaceLinks
[main] [34mINFO [0;39m o.o.c.languages.AbstractJavaCodegen - Processing operation ParamInterfaces_linkParamInterface
[main] [34mINFO [0;39m o.o.c.languages.AbstractJavaCodegen - Processing operation ParamInterfaces_unlinkParamInterface
[main] [34mINFO [0;39m o.o.c.languages.AbstractJavaCodegen - Processing operation ParamInterfaces_getParamInterface
[main] [34mINFO [0;39m o.o.c.languages.AbstractJavaCodegen - Processing operation ParamInterfaces_updateParamInterface
[main] [34mINFO [0;39m o.o.c.languages.AbstractJavaCodegen - Processing operation ParamInterfaces_deleteParamInterface
[main] [34mINFO [0;39m o.o.c.languages.AbstractJavaCodegen - Processing operation Receipts_listReceipts
[main] [34mINFO [0;39m o.o.c.languages.AbstractJavaCodegen - Processing operation Receipts_createReceipt
[main] [34mINFO [0;39m o.o.c.languages.AbstractJavaCodegen - Processing operation Receipts_actFlowApprove
[main] [34mINFO [0;39m o.o.c.languages.AbstractJavaCodegen - Processing operation Receipts_actFlowArchived
[main] [34mINFO [0;39m o.o.c.languages.AbstractJavaCodegen - Processing operation Receipts_actFlowAssigning
[main] [34mINFO [0;39m o.o.c.languages.AbstractJavaCodegen - Processing operation Receipts_actFlowDataEntry
[main] [34mINFO [0;39m o.o.c.languages.AbstractJavaCodegen - Processing operation Receipts_actFlowIssuance
[main] [34mINFO [0;39m o.o.c.languages.AbstractJavaCodegen - Processing operation Receipts_actFlowReceiving
[main] [34mINFO [0;39m o.o.c.languages.AbstractJavaCodegen - Processing operation Receipts_actFlowReview
[main] [34mINFO [0;39m o.o.c.languages.AbstractJavaCodegen - Processing operation Receipts_getReceipt
[main] [34mINFO [0;39m o.o.c.languages.AbstractJavaCodegen - Processing operation Receipts_updateReceipt
[main] [34mINFO [0;39m o.o.c.languages.AbstractJavaCodegen - Processing operation Receipts_deleteReceipt
[main] [34mINFO [0;39m o.o.c.languages.AbstractJavaCodegen - Processing operation Receipts_getReceiptHistory
[main] [34mINFO [0;39m o.o.c.languages.AbstractJavaCodegen - Processing operation Receipts_assignTask
[main] [34mINFO [0;39m o.o.c.languages.AbstractJavaCodegen - Processing operation ReportNames_listReportNames
[main] [34mINFO [0;39m o.o.c.languages.AbstractJavaCodegen - Processing operation ReportNames_createReportName
[main] [34mINFO [0;39m o.o.c.languages.AbstractJavaCodegen - Processing operation ReportNames_listObjectReportNameLinks
[main] [34mINFO [0;39m o.o.c.languages.AbstractJavaCodegen - Processing operation ReportNames_linkObjectReportName
[main] [34mINFO [0;39m o.o.c.languages.AbstractJavaCodegen - Processing operation ReportNames_unlinkObjectReportName
[main] [34mINFO [0;39m o.o.c.languages.AbstractJavaCodegen - Processing operation ReportNames_listReportNameParameterLinks
[main] [34mINFO [0;39m o.o.c.languages.AbstractJavaCodegen - Processing operation ReportNames_linkReportNameParameter
[main] [34mINFO [0;39m o.o.c.languages.AbstractJavaCodegen - Processing operation ReportNames_unlinkReportNameParameter
[main] [34mINFO [0;39m o.o.c.languages.AbstractJavaCodegen - Processing operation ReportNames_listReportNameStandardLinks
[main] [34mINFO [0;39m o.o.c.languages.AbstractJavaCodegen - Processing operation ReportNames_linkReportNameStandard
[main] [34mINFO [0;39m o.o.c.languages.AbstractJavaCodegen - Processing operation ReportNames_unlinkReportNameStandard
[main] [34mINFO [0;39m o.o.c.languages.AbstractJavaCodegen - Processing operation ReportNames_getReportName
[main] [34mINFO [0;39m o.o.c.languages.AbstractJavaCodegen - Processing operation ReportNames_updateReportName
[main] [34mINFO [0;39m o.o.c.languages.AbstractJavaCodegen - Processing operation ReportNames_deleteReportName
[main] [34mINFO [0;39m o.o.c.languages.AbstractJavaCodegen - Processing operation Samples_listSamples
[main] [34mINFO [0;39m o.o.c.languages.AbstractJavaCodegen - Processing operation Samples_createSample
[main] [34mINFO [0;39m o.o.c.languages.AbstractJavaCodegen - Processing operation Samples_getSample
[main] [34mINFO [0;39m o.o.c.languages.AbstractJavaCodegen - Processing operation Samples_updateSample
[main] [34mINFO [0;39m o.o.c.languages.AbstractJavaCodegen - Processing operation Samples_deleteSample
[main] [34mINFO [0;39m o.o.c.languages.AbstractJavaCodegen - Processing operation Samples_updateSampleExt
[main] [34mINFO [0;39m o.o.c.languages.AbstractJavaCodegen - Processing operation Summary_getReportSummary
[main] [34mINFO [0;39m o.o.c.languages.AbstractJavaCodegen - Processing operation Summary_getDashboardStats
[main] [34mINFO [0;39m o.o.c.languages.AbstractJavaCodegen - Processing operation TechnicalRequirements_listTechnicalRequirements
[main] [34mINFO [0;39m o.o.c.languages.AbstractJavaCodegen - Processing operation TechnicalRequirements_createTechnicalRequirement
[main] [34mINFO [0;39m o.o.c.languages.AbstractJavaCodegen - Processing operation TechnicalRequirements_getTechnicalRequirement
[main] [34mINFO [0;39m o.o.c.languages.AbstractJavaCodegen - Processing operation TechnicalRequirements_updateTechnicalRequirement
[main] [34mINFO [0;39m o.o.c.languages.AbstractJavaCodegen - Processing operation TechnicalRequirements_deleteTechnicalRequirement
[main] [34mINFO [0;39m o.o.c.languages.AbstractJavaCodegen - Processing operation TestRecords_listTestRecords
[main] [34mINFO [0;39m o.o.c.languages.AbstractJavaCodegen - Processing operation TestRecords_createTestRecord
[main] [34mINFO [0;39m o.o.c.languages.AbstractJavaCodegen - Processing operation TestRecords_getTestRecord
[main] [34mINFO [0;39m o.o.c.languages.AbstractJavaCodegen - Processing operation TestRecords_updateTestRecord
[main] [34mINFO [0;39m o.o.c.languages.AbstractJavaCodegen - Processing operation TestRecords_deleteTestRecord
[main] [34mINFO [0;39m o.o.c.languages.AbstractJavaCodegen - Processing operation TestRecords_setVerdict
[main] [34mINFO [0;39m o.o.codegen.TemplateManager - writing file D:\qiand-life\1-projects\xr-code-suite\output\lab-management-system-springboot\.openapi-tmp\java\src\main\java\io\xr\lab\shared\dto\AssignTaskRequest.java
[main] [34mINFO [0;39m o.o.codegen.TemplateManager - writing file D:\qiand-life\1-projects\xr-code-suite\output\lab-management-system-springboot\.openapi-tmp\java\src\main\java\io\xr\lab\shared\dto\AuthContext.java
[main] [34mINFO [0;39m o.o.codegen.TemplateManager - writing file D:\qiand-life\1-projects\xr-code-suite\output\lab-management-system-springboot\.openapi-tmp\java\src\main\java\io\xr\lab\shared\dto\AuthHeaderKind.java
[main] [34mINFO [0;39m o.o.codegen.TemplateManager - writing file D:\qiand-life\1-projects\xr-code-suite\output\lab-management-system-springboot\.openapi-tmp\java\src\main\java\io\xr\lab\shared\dto\AuthLogoutRequest.java
[main] [34mINFO [0;39m o.o.codegen.TemplateManager - writing file D:\qiand-life\1-projects\xr-code-suite\output\lab-management-system-springboot\.openapi-tmp\java\src\main\java\io\xr\lab\shared\dto\AuthState.java
[main] [34mINFO [0;39m o.o.codegen.TemplateManager - writing file D:\qiand-life\1-projects\xr-code-suite\output\lab-management-system-springboot\.openapi-tmp\java\src\main\java\io\xr\lab\shared\dto\AuthStateAnonymous.java
[main] [34mINFO [0;39m o.o.codegen.TemplateManager - writing file D:\qiand-life\1-projects\xr-code-suite\output\lab-management-system-springboot\.openapi-tmp\java\src\main\java\io\xr\lab\shared\dto\AuthStateAnonymousValue.java
[main] [34mINFO [0;39m o.o.codegen.TemplateManager - writing file D:\qiand-life\1-projects\xr-code-suite\output\lab-management-system-springboot\.openapi-tmp\java\src\main\java\io\xr\lab\shared\dto\AuthStateAuthenticated.java
[main] [34mINFO [0;39m o.o.codegen.TemplateManager - writing file D:\qiand-life\1-projects\xr-code-suite\output\lab-management-system-springboot\.openapi-tmp\java\src\main\java\io\xr\lab\shared\dto\AuthStateAuthenticatedValue.java
[main] [34mINFO [0;39m o.o.codegen.TemplateManager - writing file D:\qiand-life\1-projects\xr-code-suite\output\lab-management-system-springboot\.openapi-tmp\java\src\main\java\io\xr\lab\shared\dto\AuthStateAwaitingTenant.java
[main] [34mINFO [0;39m o.o.codegen.TemplateManager - writing file D:\qiand-life\1-projects\xr-code-suite\output\lab-management-system-springboot\.openapi-tmp\java\src\main\java\io\xr\lab\shared\dto\AuthStateAwaitingTenantValue.java
[main] [34mINFO [0;39m o.o.codegen.TemplateManager - writing file D:\qiand-life\1-projects\xr-code-suite\output\lab-management-system-springboot\.openapi-tmp\java\src\main\java\io\xr\lab\shared\dto\AuthStateIdle.java
[main] [34mINFO [0;39m o.o.codegen.TemplateManager - writing file D:\qiand-life\1-projects\xr-code-suite\output\lab-management-system-springboot\.openapi-tmp\java\src\main\java\io\xr\lab\shared\dto\AuthStateIdleValue.java
[main] [34mINFO [0;39m o.o.codegen.TemplateManager - writing file D:\qiand-life\1-projects\xr-code-suite\output\lab-management-system-springboot\.openapi-tmp\java\src\main\java\io\xr\lab\shared\dto\BackendConfig.java
[main] [34mINFO [0;39m o.o.codegen.TemplateManager - writing file D:\qiand-life\1-projects\xr-code-suite\output\lab-management-system-springboot\.openapi-tmp\java\src\main\java\io\xr\lab\shared\dto\BackendFeatures.java
[main] [34mINFO [0;39m o.o.codegen.TemplateManager - writing file D:\qiand-life\1-projects\xr-code-suite\output\lab-management-system-springboot\.openapi-tmp\java\src\main\java\io\xr\lab\shared\dto\BackendId.java
[main] [34mINFO [0;39m o.o.codegen.TemplateManager - writing file D:\qiand-life\1-projects\xr-code-suite\output\lab-management-system-springboot\.openapi-tmp\java\src\main\java\io\xr\lab\shared\dto\BackendRegistry.java
[main] [34mINFO [0;39m o.o.codegen.TemplateManager - writing file D:\qiand-life\1-projects\xr-code-suite\output\lab-management-system-springboot\.openapi-tmp\java\src\main\java\io\xr\lab\shared\dto\CalculationAlgorithmType.java
[main] [34mINFO [0;39m o.o.codegen.TemplateManager - writing file D:\qiand-life\1-projects\xr-code-suite\output\lab-management-system-springboot\.openapi-tmp\java\src\main\java\io\xr\lab\shared\dto\CalculationMethod.java
[main] [34mINFO [0;39m o.o.codegen.TemplateManager - writing file D:\qiand-life\1-projects\xr-code-suite\output\lab-management-system-springboot\.openapi-tmp\java\src\main\java\io\xr\lab\shared\dto\CatalogListBrands200Response.java
[main] [34mINFO [0;39m o.o.codegen.TemplateManager - writing file D:\qiand-life\1-projects\xr-code-suite\output\lab-management-system-springboot\.openapi-tmp\java\src\main\java\io\xr\lab\shared\dto\CatalogListGrades200Response.java
[main] [34mINFO [0;39m o.o.codegen.TemplateManager - writing file D:\qiand-life\1-projects\xr-code-suite\output\lab-management-system-springboot\.openapi-tmp\java\src\main\java\io\xr\lab\shared\dto\CatalogListModels200Response.java
[main] [34mINFO [0;39m o.o.codegen.TemplateManager - writing file D:\qiand-life\1-projects\xr-code-suite\output\lab-management-system-springboot\.openapi-tmp\java\src\main\java\io\xr\lab\shared\dto\CatalogListSpecs200Response.java
[main] [34mINFO [0;39m o.o.codegen.TemplateManager - writing file D:\qiand-life\1-projects\xr-code-suite\output\lab-management-system-springboot\.openapi-tmp\java\src\main\java\io\xr\lab\shared\dto\Contract.java
[main] [34mINFO [0;39m o.o.codegen.TemplateManager - writing file D:\qiand-life\1-projects\xr-code-suite\output\lab-management-system-springboot\.openapi-tmp\java\src\main\java\io\xr\lab\shared\dto\ContractStatus.java
[main] [34mINFO [0;39m o.o.codegen.TemplateManager - writing file D:\qiand-life\1-projects\xr-code-suite\output\lab-management-system-springboot\.openapi-tmp\java\src\main\java\io\xr\lab\shared\dto\ContractsListContracts200Response.java
[main] [34mINFO [0;39m o.o.codegen.TemplateManager - writing file D:\qiand-life\1-projects\xr-code-suite\output\lab-management-system-springboot\.openapi-tmp\java\src\main\java\io\xr\lab\shared\dto\CreateCalculationMethodRequest.java
[main] [34mINFO [0;39m o.o.codegen.TemplateManager - writing file D:\qiand-life\1-projects\xr-code-suite\output\lab-management-system-springboot\.openapi-tmp\java\src\main\java\io\xr\lab\shared\dto\CreateCatalogEntryRequest.java
[main] [34mINFO [0;39m o.o.codegen.TemplateManager - writing file D:\qiand-life\1-projects\xr-code-suite\output\lab-management-system-springboot\.openapi-tmp\java\src\main\java\io\xr\lab\shared\dto\CreateContractRequest.java
[main] [34mINFO [0;39m o.o.codegen.TemplateManager - writing file D:\qiand-life\1-projects\xr-code-suite\output\lab-management-system-springboot\.openapi-tmp\java\src\main\java\io\xr\lab\shared\dto\CreateInspectionObjectRequest.java
[main] [34mINFO [0;39m o.o.codegen.TemplateManager - writing file D:\qiand-life\1-projects\xr-code-suite\output\lab-management-system-springboot\.openapi-tmp\java\src\main\java\io\xr\lab\shared\dto\CreateInspectionParameterRequest.java
[main] [34mINFO [0;39m o.o.codegen.TemplateManager - writing file D:\qiand-life\1-projects\xr-code-suite\output\lab-management-system-springboot\.openapi-tmp\java\src\main\java\io\xr\lab\shared\dto\CreateInspectionReportNameRequest.java
[main] [34mINFO [0;39m o.o.codegen.TemplateManager - writing file D:\qiand-life\1-projects\xr-code-suite\output\lab-management-system-springboot\.openapi-tmp\java\src\main\java\io\xr\lab\shared\dto\CreateInspectionSpecialtyRequest.java
[main] [34mINFO [0;39m o.o.codegen.TemplateManager - writing file D:\qiand-life\1-projects\xr-code-suite\output\lab-management-system-springboot\.openapi-tmp\java\src\main\java\io\xr\lab\shared\dto\CreateInspectionStandardRequest.java
[main] [34mINFO [0;39m o.o.codegen.TemplateManager - writing file D:\qiand-life\1-projects\xr-code-suite\output\lab-management-system-springboot\.openapi-tmp\java\src\main\java\io\xr\lab\shared\dto\CreateParamInterfaceRequest.java
[main] [34mINFO [0;39m o.o.codegen.TemplateManager - writing file D:\qiand-life\1-projects\xr-code-suite\output\lab-management-system-springboot\.openapi-tmp\java\src\main\java\io\xr\lab\shared\dto\CreateSampleReceiptRequest.java
[main] [34mINFO [0;39m o.o.codegen.TemplateManager - writing file D:\qiand-life\1-projects\xr-code-suite\output\lab-management-system-springboot\.openapi-tmp\java\src\main\java\io\xr\lab\shared\dto\CreateSampleRequest.java
[main] [34mINFO [0;39m o.o.codegen.TemplateManager - writing file D:\qiand-life\1-projects\xr-code-suite\output\lab-management-system-springboot\.openapi-tmp\java\src\main\java\io\xr\lab\shared\dto\CreateTechnicalRequirementRequest.java
[main] [34mINFO [0;39m o.o.codegen.TemplateManager - writing file D:\qiand-life\1-projects\xr-code-suite\output\lab-management-system-springboot\.openapi-tmp\java\src\main\java\io\xr\lab\shared\dto\CreateTestRecordRequest.java
[main] [34mINFO [0;39m o.o.codegen.TemplateManager - writing file D:\qiand-life\1-projects\xr-code-suite\output\lab-management-system-springboot\.openapi-tmp\java\src\main\java\io\xr\lab\shared\dto\CurrentUser.java
[main] [34mINFO [0;39m o.o.codegen.TemplateManager - writing file D:\qiand-life\1-projects\xr-code-suite\output\lab-management-system-springboot\.openapi-tmp\java\src\main\java\io\xr\lab\shared\dto\CurrentUserSession.java
[main] [34mINFO [0;39m o.o.codegen.TemplateManager - writing file D:\qiand-life\1-projects\xr-code-suite\output\lab-management-system-springboot\.openapi-tmp\java\src\main\java\io\xr\lab\shared\dto\DashboardStats.java
[main] [34mINFO [0;39m o.o.codegen.TemplateManager - writing file D:\qiand-life\1-projects\xr-code-suite\output\lab-management-system-springboot\.openapi-tmp\java\src\main\java\io\xr\lab\shared\dto\DashboardStatsFunnelByStage.java
[main] [34mINFO [0;39m o.o.codegen.TemplateManager - writing file D:\qiand-life\1-projects\xr-code-suite\output\lab-management-system-springboot\.openapi-tmp\java\src\main\java\io\xr\lab\shared\dto\DashboardStatsQualifiedRateByMaterial.java
[main] [34mINFO [0;39m o.o.codegen.TemplateManager - writing file D:\qiand-life\1-projects\xr-code-suite\output\lab-management-system-springboot\.openapi-tmp\java\src\main\java\io\xr\lab\shared\dto\DashboardStatsReportCountByStatus.java
[main] [34mINFO [0;39m o.o.codegen.TemplateManager - writing file D:\qiand-life\1-projects\xr-code-suite\output\lab-management-system-springboot\.openapi-tmp\java\src\main\java\io\xr\lab\shared\dto\DashboardStatsReportOutputByStatus.java
[main] [34mINFO [0;39m o.o.codegen.TemplateManager - writing file D:\qiand-life\1-projects\xr-code-suite\output\lab-management-system-springboot\.openapi-tmp\java\src\main\java\io\xr\lab\shared\dto\ErrorResponse.java
[main] [34mINFO [0;39m o.o.codegen.TemplateManager - writing file D:\qiand-life\1-projects\xr-code-suite\output\lab-management-system-springboot\.openapi-tmp\java\src\main\java\io\xr\lab\shared\dto\ExtFieldDef.java
[main] [34mINFO [0;39m o.o.codegen.TemplateManager - writing file D:\qiand-life\1-projects\xr-code-suite\output\lab-management-system-springboot\.openapi-tmp\java\src\main\java\io\xr\lab\shared\dto\ExtFieldDefSource.java
[main] [34mINFO [0;39m o.o.codegen.TemplateManager - writing file D:\qiand-life\1-projects\xr-code-suite\output\lab-management-system-springboot\.openapi-tmp\java\src\main\java\io\xr\lab\shared\dto\ExtFieldDefType.java
[main] [34mINFO [0;39m o.o.codegen.TemplateManager - writing file D:\qiand-life\1-projects\xr-code-suite\output\lab-management-system-springboot\.openapi-tmp\java\src\main\java\io\xr\lab\shared\dto\FlowAction.java
[main] [34mINFO [0;39m o.o.codegen.TemplateManager - writing file D:\qiand-life\1-projects\xr-code-suite\output\lab-management-system-springboot\.openapi-tmp\java\src\main\java\io\xr\lab\shared\dto\FlowActionRequest.java
[main] [34mINFO [0;39m o.o.codegen.TemplateManager - writing file D:\qiand-life\1-projects\xr-code-suite\output\lab-management-system-springboot\.openapi-tmp\java\src\main\java\io\xr\lab\shared\dto\FlowActionResult.java
[main] [34mINFO [0;39m o.o.codegen.TemplateManager - writing file D:\qiand-life\1-projects\xr-code-suite\output\lab-management-system-springboot\.openapi-tmp\java\src\main\java\io\xr\lab\shared\dto\FlowHistoryEntry.java
[main] [34mINFO [0;39m o.o.codegen.TemplateManager - writing file D:\qiand-life\1-projects\xr-code-suite\output\lab-management-system-springboot\.openapi-tmp\java\src\main\java\io\xr\lab\shared\dto\FlowStatus.java
[main] [34mINFO [0;39m o.o.codegen.TemplateManager - writing file D:\qiand-life\1-projects\xr-code-suite\output\lab-management-system-springboot\.openapi-tmp\java\src\main\java\io\xr\lab\shared\dto\FrontendBindMetaFrontendBindSnapshot.java
[main] [34mINFO [0;39m o.o.codegen.TemplateManager - writing file D:\qiand-life\1-projects\xr-code-suite\output\lab-management-system-springboot\.openapi-tmp\java\src\main\java\io\xr\lab\shared\dto\InspectionBrand.java
[main] [34mINFO [0;39m o.o.codegen.TemplateManager - writing file D:\qiand-life\1-projects\xr-code-suite\output\lab-management-system-springboot\.openapi-tmp\java\src\main\java\io\xr\lab\shared\dto\InspectionDictionaryListObjectParameterLinks200Response.java
[main] [34mINFO [0;39m o.o.codegen.TemplateManager - writing file D:\qiand-life\1-projects\xr-code-suite\output\lab-management-system-springboot\.openapi-tmp\java\src\main\java\io\xr\lab\shared\dto\InspectionDictionaryListObjectStandardLinks200Response.java
[main] [34mINFO [0;39m o.o.codegen.TemplateManager - writing file D:\qiand-life\1-projects\xr-code-suite\output\lab-management-system-springboot\.openapi-tmp\java\src\main\java\io\xr\lab\shared\dto\InspectionDictionaryListObjects200Response.java
[main] [34mINFO [0;39m o.o.codegen.TemplateManager - writing file D:\qiand-life\1-projects\xr-code-suite\output\lab-management-system-springboot\.openapi-tmp\java\src\main\java\io\xr\lab\shared\dto\InspectionDictionaryListParameters200Response.java
[main] [34mINFO [0;39m o.o.codegen.TemplateManager - writing file D:\qiand-life\1-projects\xr-code-suite\output\lab-management-system-springboot\.openapi-tmp\java\src\main\java\io\xr\lab\shared\dto\InspectionDictionaryListSpecialties200Response.java
[main] [34mINFO [0;39m o.o.codegen.TemplateManager - writing file D:\qiand-life\1-projects\xr-code-suite\output\lab-management-system-springboot\.openapi-tmp\java\src\main\java\io\xr\lab\shared\dto\InspectionDictionaryListSpecialtyObjectLinks200Response.java
[main] [34mINFO [0;39m o.o.codegen.TemplateManager - writing file D:\qiand-life\1-projects\xr-code-suite\output\lab-management-system-springboot\.openapi-tmp\java\src\main\java\io\xr\lab\shared\dto\InspectionDictionaryListStandardParameterLinks200Response.java
[main] [34mINFO [0;39m o.o.codegen.TemplateManager - writing file D:\qiand-life\1-projects\xr-code-suite\output\lab-management-system-springboot\.openapi-tmp\java\src\main\java\io\xr\lab\shared\dto\InspectionDictionaryListStandards200Response.java
[main] [34mINFO [0;39m o.o.codegen.TemplateManager - writing file D:\qiand-life\1-projects\xr-code-suite\output\lab-management-system-springboot\.openapi-tmp\java\src\main\java\io\xr\lab\shared\dto\InspectionDictionaryUnlinkObjectParameterRequest.java
[main] [34mINFO [0;39m o.o.codegen.TemplateManager - writing file D:\qiand-life\1-projects\xr-code-suite\output\lab-management-system-springboot\.openapi-tmp\java\src\main\java\io\xr\lab\shared\dto\InspectionDictionaryUnlinkObjectStandardRequest.java
[main] [34mINFO [0;39m o.o.codegen.TemplateManager - writing file D:\qiand-life\1-projects\xr-code-suite\output\lab-management-system-springboot\.openapi-tmp\java\src\main\java\io\xr\lab\shared\dto\InspectionGrade.java
[main] [34mINFO [0;39m o.o.codegen.TemplateManager - writing file D:\qiand-life\1-projects\xr-code-suite\output\lab-management-system-springboot\.openapi-tmp\java\src\main\java\io\xr\lab\shared\dto\InspectionModel.java
[main] [34mINFO [0;39m o.o.codegen.TemplateManager - writing file D:\qiand-life\1-projects\xr-code-suite\output\lab-management-system-springboot\.openapi-tmp\java\src\main\java\io\xr\lab\shared\dto\InspectionObject.java
[main] [34mINFO [0;39m o.o.codegen.TemplateManager - writing file D:\qiand-life\1-projects\xr-code-suite\output\lab-management-system-springboot\.openapi-tmp\java\src\main\java\io\xr\lab\shared\dto\InspectionParameter.java
[main] [34mINFO [0;39m o.o.codegen.TemplateManager - writing file D:\qiand-life\1-projects\xr-code-suite\output\lab-management-system-springboot\.openapi-tmp\java\src\main\java\io\xr\lab\shared\dto\InspectionParameterSourceType.java
[main] [34mINFO [0;39m o.o.codegen.TemplateManager - writing file D:\qiand-life\1-projects\xr-code-suite\output\lab-management-system-springboot\.openapi-tmp\java\src\main\java\io\xr\lab\shared\dto\InspectionReportName.java
[main] [34mINFO [0;39m o.o.codegen.TemplateManager - writing file D:\qiand-life\1-projects\xr-code-suite\output\lab-management-system-springboot\.openapi-tmp\java\src\main\java\io\xr\lab\shared\dto\InspectionSpec.java
[main] [34mINFO [0;39m o.o.codegen.TemplateManager - writing file D:\qiand-life\1-projects\xr-code-suite\output\lab-management-system-springboot\.openapi-tmp\java\src\main\java\io\xr\lab\shared\dto\InspectionSpecialty.java
[main] [34mINFO [0;39m o.o.codegen.TemplateManager - writing file D:\qiand-life\1-projects\xr-code-suite\output\lab-management-system-springboot\.openapi-tmp\java\src\main\java\io\xr\lab\shared\dto\InspectionStandard.java
[main] [34mINFO [0;39m o.o.codegen.TemplateManager - writing file D:\qiand-life\1-projects\xr-code-suite\output\lab-management-system-springboot\.openapi-tmp\java\src\main\java\io\xr\lab\shared\dto\InspectionStandardRole.java
[main] [34mINFO [0;39m o.o.codegen.TemplateManager - writing file D:\qiand-life\1-projects\xr-code-suite\output\lab-management-system-springboot\.openapi-tmp\java\src\main\java\io\xr\lab\shared\dto\InspectionStandardStatus.java
[main] [34mINFO [0;39m o.o.codegen.TemplateManager - writing file D:\qiand-life\1-projects\xr-code-suite\output\lab-management-system-springboot\.openapi-tmp\java\src\main\java\io\xr\lab\shared\dto\LoginRequest.java
[main] [34mINFO [0;39m o.o.codegen.TemplateManager - writing file D:\qiand-life\1-projects\xr-code-suite\output\lab-management-system-springboot\.openapi-tmp\java\src\main\java\io\xr\lab\shared\dto\LoginResponse.java
[main] [34mINFO [0;39m o.o.codegen.TemplateManager - writing file D:\qiand-life\1-projects\xr-code-suite\output\lab-management-system-springboot\.openapi-tmp\java\src\main\java\io\xr\lab\shared\dto\MaterialQualifiedRate.java
[main] [34mINFO [0;39m o.o.codegen.TemplateManager - writing file D:\qiand-life\1-projects\xr-code-suite\output\lab-management-system-springboot\.openapi-tmp\java\src\main\java\io\xr\lab\shared\dto\MenuNode.java
[main] [34mINFO [0;39m o.o.codegen.TemplateManager - writing file D:\qiand-life\1-projects\xr-code-suite\output\lab-management-system-springboot\.openapi-tmp\java\src\main\java\io\xr\lab\shared\dto\MyTenant.java
[main] [34mINFO [0;39m o.o.codegen.TemplateManager - writing file D:\qiand-life\1-projects\xr-code-suite\output\lab-management-system-springboot\.openapi-tmp\java\src\main\java\io\xr\lab\shared\dto\OAuthGrantType.java
[main] [34mINFO [0;39m o.o.codegen.TemplateManager - writing file D:\qiand-life\1-projects\xr-code-suite\output\lab-management-system-springboot\.openapi-tmp\java\src\main\java\io\xr\lab\shared\dto\OAuthResponseType.java
[main] [34mINFO [0;39m o.o.codegen.TemplateManager - writing file D:\qiand-life\1-projects\xr-code-suite\output\lab-management-system-springboot\.openapi-tmp\java\src\main\java\io\xr\lab\shared\dto\ObjectParameterLink.java
[main] [34mINFO [0;39m o.o.codegen.TemplateManager - writing file D:\qiand-life\1-projects\xr-code-suite\output\lab-management-system-springboot\.openapi-tmp\java\src\main\java\io\xr\lab\shared\dto\ObjectReportNameLink.java
[main] [34mINFO [0;39m o.o.codegen.TemplateManager - writing file D:\qiand-life\1-projects\xr-code-suite\output\lab-management-system-springboot\.openapi-tmp\java\src\main\java\io\xr\lab\shared\dto\ObjectStandardLink.java
[main] [34mINFO [0;39m o.o.codegen.TemplateManager - writing file D:\qiand-life\1-projects\xr-code-suite\output\lab-management-system-springboot\.openapi-tmp\java\src\main\java\io\xr\lab\shared\dto\ParamInterface.java
[main] [34mINFO [0;39m o.o.codegen.TemplateManager - writing file D:\qiand-life\1-projects\xr-code-suite\output\lab-management-system-springboot\.openapi-tmp\java\src\main\java\io\xr\lab\shared\dto\ParamInterfaceLink.java
[main] [34mINFO [0;39m o.o.codegen.TemplateManager - writing file D:\qiand-life\1-projects\xr-code-suite\output\lab-management-system-springboot\.openapi-tmp\java\src\main\java\io\xr\lab\shared\dto\ParamInterfacesListParamInterfaceLinks200Response.java
[main] [34mINFO [0;39m o.o.codegen.TemplateManager - writing file D:\qiand-life\1-projects\xr-code-suite\output\lab-management-system-springboot\.openapi-tmp\java\src\main\java\io\xr\lab\shared\dto\ParamInterfacesListParamInterfaces200Response.java
[main] [34mINFO [0;39m o.o.codegen.TemplateManager - writing file D:\qiand-life\1-projects\xr-code-suite\output\lab-management-system-springboot\.openapi-tmp\java\src\main\java\io\xr\lab\shared\dto\ParamInterfacesUnlinkParamInterfaceRequest.java
[main] [34mINFO [0;39m o.o.codegen.TemplateManager - writing file D:\qiand-life\1-projects\xr-code-suite\output\lab-management-system-springboot\.openapi-tmp\java\src\main\java\io\xr\lab\shared\dto\PermissionSet.java
[main] [34mINFO [0;39m o.o.codegen.TemplateManager - writing file D:\qiand-life\1-projects\xr-code-suite\output\lab-management-system-springboot\.openapi-tmp\java\src\main\java\io\xr\lab\shared\dto\QualificationLevel.java
[main] [34mINFO [0;39m o.o.codegen.TemplateManager - writing file D:\qiand-life\1-projects\xr-code-suite\output\lab-management-system-springboot\.openapi-tmp\java\src\main\java\io\xr\lab\shared\dto\ReceiptResult.java
[main] [34mINFO [0;39m o.o.codegen.TemplateManager - writing file D:\qiand-life\1-projects\xr-code-suite\output\lab-management-system-springboot\.openapi-tmp\java\src\main\java\io\xr\lab\shared\dto\ReceiptsListReceipts200Response.java
[main] [34mINFO [0;39m o.o.codegen.TemplateManager - writing file D:\qiand-life\1-projects\xr-code-suite\output\lab-management-system-springboot\.openapi-tmp\java\src\main\java\io\xr\lab\shared\dto\RefreshTokenRequest.java
[main] [34mINFO [0;39m o.o.codegen.TemplateManager - writing file D:\qiand-life\1-projects\xr-code-suite\output\lab-management-system-springboot\.openapi-tmp\java\src\main\java\io\xr\lab\shared\dto\ReportNameParameterLink.java
[main] [34mINFO [0;39m o.o.codegen.TemplateManager - writing file D:\qiand-life\1-projects\xr-code-suite\output\lab-management-system-springboot\.openapi-tmp\java\src\main\java\io\xr\lab\shared\dto\ReportNameStandardLink.java
[main] [34mINFO [0;39m o.o.codegen.TemplateManager - writing file D:\qiand-life\1-projects\xr-code-suite\output\lab-management-system-springboot\.openapi-tmp\java\src\main\java\io\xr\lab\shared\dto\ReportNamesListObjectReportNameLinks200Response.java
[main] [34mINFO [0;39m o.o.codegen.TemplateManager - writing file D:\qiand-life\1-projects\xr-code-suite\output\lab-management-system-springboot\.openapi-tmp\java\src\main\java\io\xr\lab\shared\dto\ReportNamesListReportNameParameterLinks200Response.java
[main] [34mINFO [0;39m o.o.codegen.TemplateManager - writing file D:\qiand-life\1-projects\xr-code-suite\output\lab-management-system-springboot\.openapi-tmp\java\src\main\java\io\xr\lab\shared\dto\ReportNamesListReportNameStandardLinks200Response.java
[main] [34mINFO [0;39m o.o.codegen.TemplateManager - writing file D:\qiand-life\1-projects\xr-code-suite\output\lab-management-system-springboot\.openapi-tmp\java\src\main\java\io\xr\lab\shared\dto\ReportNamesListReportNames200Response.java
[main] [34mINFO [0;39m o.o.codegen.TemplateManager - writing file D:\qiand-life\1-projects\xr-code-suite\output\lab-management-system-springboot\.openapi-tmp\java\src\main\java\io\xr\lab\shared\dto\ReportNamesUnlinkObjectReportNameRequest.java
[main] [34mINFO [0;39m o.o.codegen.TemplateManager - writing file D:\qiand-life\1-projects\xr-code-suite\output\lab-management-system-springboot\.openapi-tmp\java\src\main\java\io\xr\lab\shared\dto\ReportNamesUnlinkReportNameParameterRequest.java
[main] [34mINFO [0;39m o.o.codegen.TemplateManager - writing file D:\qiand-life\1-projects\xr-code-suite\output\lab-management-system-springboot\.openapi-tmp\java\src\main\java\io\xr\lab\shared\dto\ReportNamesUnlinkReportNameStandardRequest.java
[main] [34mINFO [0;39m o.o.codegen.TemplateManager - writing file D:\qiand-life\1-projects\xr-code-suite\output\lab-management-system-springboot\.openapi-tmp\java\src\main\java\io\xr\lab\shared\dto\RequirementComparison.java
[main] [34mINFO [0;39m o.o.codegen.TemplateManager - writing file D:\qiand-life\1-projects\xr-code-suite\output\lab-management-system-springboot\.openapi-tmp\java\src\main\java\io\xr\lab\shared\dto\RequirementJudgmentMode.java
[main] [34mINFO [0;39m o.o.codegen.TemplateManager - writing file D:\qiand-life\1-projects\xr-code-suite\output\lab-management-system-springboot\.openapi-tmp\java\src\main\java\io\xr\lab\shared\dto\RequirementValueType.java
[main] [34mINFO [0;39m o.o.codegen.TemplateManager - writing file D:\qiand-life\1-projects\xr-code-suite\output\lab-management-system-springboot\.openapi-tmp\java\src\main\java\io\xr\lab\shared\dto\RequirementVerificationStatus.java
[main] [34mINFO [0;39m o.o.codegen.TemplateManager - writing file D:\qiand-life\1-projects\xr-code-suite\output\lab-management-system-springboot\.openapi-tmp\java\src\main\java\io\xr\lab\shared\dto\Sample.java
[main] [34mINFO [0;39m o.o.codegen.TemplateManager - writing file D:\qiand-life\1-projects\xr-code-suite\output\lab-management-system-springboot\.openapi-tmp\java\src\main\java\io\xr\lab\shared\dto\SampleReceipt.java
[main] [34mINFO [0;39m o.o.codegen.TemplateManager - writing file D:\qiand-life\1-projects\xr-code-suite\output\lab-management-system-springboot\.openapi-tmp\java\src\main\java\io\xr\lab\shared\dto\SamplesListSamples200Response.java
[main] [34mINFO [0;39m o.o.codegen.TemplateManager - writing file D:\qiand-life\1-projects\xr-code-suite\output\lab-management-system-springboot\.openapi-tmp\java\src\main\java\io\xr\lab\shared\dto\SpecialtyObjectLink.java
[main] [34mINFO [0;39m o.o.codegen.TemplateManager - writing file D:\qiand-life\1-projects\xr-code-suite\output\lab-management-system-springboot\.openapi-tmp\java\src\main\java\io\xr\lab\shared\dto\SsoCallbackRequest.java
[main] [34mINFO [0;39m o.o.codegen.TemplateManager - writing file D:\qiand-life\1-projects\xr-code-suite\output\lab-management-system-springboot\.openapi-tmp\java\src\main\java\io\xr\lab\shared\dto\SsoRedirect.java
[main] [34mINFO [0;39m o.o.codegen.TemplateManager - writing file D:\qiand-life\1-projects\xr-code-suite\output\lab-management-system-springboot\.openapi-tmp\java\src\main\java\io\xr\lab\shared\dto\StandardParameterLink.java
[main] [34mINFO [0;39m o.o.codegen.TemplateManager - writing file D:\qiand-life\1-projects\xr-code-suite\output\lab-management-system-springboot\.openapi-tmp\java\src\main\java\io\xr\lab\shared\dto\SummaryColumn.java
[main] [34mINFO [0;39m o.o.codegen.TemplateManager - writing file D:\qiand-life\1-projects\xr-code-suite\output\lab-management-system-springboot\.openapi-tmp\java\src\main\java\io\xr\lab\shared\dto\SummaryData.java
[main] [34mINFO [0;39m o.o.codegen.TemplateManager - writing file D:\qiand-life\1-projects\xr-code-suite\output\lab-management-system-springboot\.openapi-tmp\java\src\main\java\io\xr\lab\shared\dto\SwitchTenantRequest.java
[main] [34mINFO [0;39m o.o.codegen.TemplateManager - writing file D:\qiand-life\1-projects\xr-code-suite\output\lab-management-system-springboot\.openapi-tmp\java\src\main\java\io\xr\lab\shared\dto\TechnicalRequirement.java
[main] [34mINFO [0;39m o.o.codegen.TemplateManager - writing file D:\qiand-life\1-projects\xr-code-suite\output\lab-management-system-springboot\.openapi-tmp\java\src\main\java\io\xr\lab\shared\dto\TestRecord.java
[main] [34mINFO [0;39m o.o.codegen.TemplateManager - writing file D:\qiand-life\1-projects\xr-code-suite\output\lab-management-system-springboot\.openapi-tmp\java\src\main\java\io\xr\lab\shared\dto\TestRecordsListTestRecords200Response.java
[main] [34mINFO [0;39m o.o.codegen.TemplateManager - writing file D:\qiand-life\1-projects\xr-code-suite\output\lab-management-system-springboot\.openapi-tmp\java\src\main\java\io\xr\lab\shared\dto\TestRecordsSetVerdictRequest.java
[main] [34mINFO [0;39m o.o.codegen.TemplateManager - writing file D:\qiand-life\1-projects\xr-code-suite\output\lab-management-system-springboot\.openapi-tmp\java\src\main\java\io\xr\lab\shared\dto\TokenStorageKeys.java
[main] [34mINFO [0;39m o.o.codegen.TemplateManager - writing file D:\qiand-life\1-projects\xr-code-suite\output\lab-management-system-springboot\.openapi-tmp\java\src\main\java\io\xr\lab\shared\dto\UpdateCalculationMethodRequest.java
[main] [34mINFO [0;39m o.o.codegen.TemplateManager - writing file D:\qiand-life\1-projects\xr-code-suite\output\lab-management-system-springboot\.openapi-tmp\java\src\main\java\io\xr\lab\shared\dto\UpdateCatalogEntryRequest.java
[main] [34mINFO [0;39m o.o.codegen.TemplateManager - writing file D:\qiand-life\1-projects\xr-code-suite\output\lab-management-system-springboot\.openapi-tmp\java\src\main\java\io\xr\lab\shared\dto\UpdateContractRequest.java
[main] [34mINFO [0;39m o.o.codegen.TemplateManager - writing file D:\qiand-life\1-projects\xr-code-suite\output\lab-management-system-springboot\.openapi-tmp\java\src\main\java\io\xr\lab\shared\dto\UpdateInspectionObjectRequest.java
[main] [34mINFO [0;39m o.o.codegen.TemplateManager - writing file D:\qiand-life\1-projects\xr-code-suite\output\lab-management-system-springboot\.openapi-tmp\java\src\main\java\io\xr\lab\shared\dto\UpdateInspectionParameterRequest.java
[main] [34mINFO [0;39m o.o.codegen.TemplateManager - writing file D:\qiand-life\1-projects\xr-code-suite\output\lab-management-system-springboot\.openapi-tmp\java\src\main\java\io\xr\lab\shared\dto\UpdateInspectionReportNameRequest.java
[main] [34mINFO [0;39m o.o.codegen.TemplateManager - writing file D:\qiand-life\1-projects\xr-code-suite\output\lab-management-system-springboot\.openapi-tmp\java\src\main\java\io\xr\lab\shared\dto\UpdateInspectionSpecialtyRequest.java
[main] [34mINFO [0;39m o.o.codegen.TemplateManager - writing file D:\qiand-life\1-projects\xr-code-suite\output\lab-management-system-springboot\.openapi-tmp\java\src\main\java\io\xr\lab\shared\dto\UpdateInspectionStandardRequest.java
[main] [34mINFO [0;39m o.o.codegen.TemplateManager - writing file D:\qiand-life\1-projects\xr-code-suite\output\lab-management-system-springboot\.openapi-tmp\java\src\main\java\io\xr\lab\shared\dto\UpdateParamInterfaceRequest.java
[main] [34mINFO [0;39m o.o.codegen.TemplateManager - writing file D:\qiand-life\1-projects\xr-code-suite\output\lab-management-system-springboot\.openapi-tmp\java\src\main\java\io\xr\lab\shared\dto\UpdateSampleExtRequest.java
[main] [34mINFO [0;39m o.o.codegen.TemplateManager - writing file D:\qiand-life\1-projects\xr-code-suite\output\lab-management-system-springboot\.openapi-tmp\java\src\main\java\io\xr\lab\shared\dto\UpdateSampleReceiptRequest.java
[main] [34mINFO [0;39m o.o.codegen.TemplateManager - writing file D:\qiand-life\1-projects\xr-code-suite\output\lab-management-system-springboot\.openapi-tmp\java\src\main\java\io\xr\lab\shared\dto\UpdateSampleRequest.java
[main] [34mINFO [0;39m o.o.codegen.TemplateManager - writing file D:\qiand-life\1-projects\xr-code-suite\output\lab-management-system-springboot\.openapi-tmp\java\src\main\java\io\xr\lab\shared\dto\UpdateTechnicalRequirementRequest.java
[main] [34mINFO [0;39m o.o.codegen.TemplateManager - writing file D:\qiand-life\1-projects\xr-code-suite\output\lab-management-system-springboot\.openapi-tmp\java\src\main\java\io\xr\lab\shared\dto\UpdateTestRecordRequest.java
[main] [34mINFO [0;39m o.o.codegen.TemplateManager - writing file D:\qiand-life\1-projects\xr-code-suite\output\lab-management-system-springboot\.openapi-tmp\java\src\main\java\io\xr\lab\shared\api\AuthApi.java
[main] [34mINFO [0;39m o.o.codegen.TemplateManager - writing file D:\qiand-life\1-projects\xr-code-suite\output\lab-management-system-springboot\.openapi-tmp\java\src\main\java\io\xr\lab\shared\api\CalculationMethodsApi.java
[main] [34mINFO [0;39m o.o.codegen.TemplateManager - writing file D:\qiand-life\1-projects\xr-code-suite\output\lab-management-system-springboot\.openapi-tmp\java\src\main\java\io\xr\lab\shared\api\ContractsApi.java
[main] [34mINFO [0;39m o.o.codegen.TemplateManager - writing file D:\qiand-life\1-projects\xr-code-suite\output\lab-management-system-springboot\.openapi-tmp\java\src\main\java\io\xr\lab\shared\api\FrontendBindMetaApi.java
[main] [34mINFO [0;39m o.o.codegen.TemplateManager - writing file D:\qiand-life\1-projects\xr-code-suite\output\lab-management-system-springboot\.openapi-tmp\java\src\main\java\io\xr\lab\shared\api\InspectionCatalogApi.java
[main] [34mINFO [0;39m o.o.codegen.TemplateManager - writing file D:\qiand-life\1-projects\xr-code-suite\output\lab-management-system-springboot\.openapi-tmp\java\src\main\java\io\xr\lab\shared\api\InspectionDictionaryApi.java
[main] [34mINFO [0;39m o.o.codegen.TemplateManager - writing file D:\qiand-life\1-projects\xr-code-suite\output\lab-management-system-springboot\.openapi-tmp\java\src\main\java\io\xr\lab\shared\api\ParamInterfacesApi.java
[main] [34mINFO [0;39m o.o.codegen.TemplateManager - writing file D:\qiand-life\1-projects\xr-code-suite\output\lab-management-system-springboot\.openapi-tmp\java\src\main\java\io\xr\lab\shared\api\ReceiptsApi.java
[main] [34mINFO [0;39m o.o.codegen.TemplateManager - writing file D:\qiand-life\1-projects\xr-code-suite\output\lab-management-system-springboot\.openapi-tmp\java\src\main\java\io\xr\lab\shared\api\ReportNamesApi.java
[main] [34mINFO [0;39m o.o.codegen.TemplateManager - writing file D:\qiand-life\1-projects\xr-code-suite\output\lab-management-system-springboot\.openapi-tmp\java\src\main\java\io\xr\lab\shared\api\SamplesApi.java
[main] [34mINFO [0;39m o.o.codegen.TemplateManager - writing file D:\qiand-life\1-projects\xr-code-suite\output\lab-management-system-springboot\.openapi-tmp\java\src\main\java\io\xr\lab\shared\api\SummaryApi.java
[main] [34mINFO [0;39m o.o.codegen.TemplateManager - writing file D:\qiand-life\1-projects\xr-code-suite\output\lab-management-system-springboot\.openapi-tmp\java\src\main\java\io\xr\lab\shared\api\TechnicalRequirementsApi.java
[main] [34mINFO [0;39m o.o.codegen.TemplateManager - writing file D:\qiand-life\1-projects\xr-code-suite\output\lab-management-system-springboot\.openapi-tmp\java\src\main\java\io\xr\lab\shared\api\TestRecordsApi.java
[main] [34mINFO [0;39m o.o.codegen.TemplateManager - writing file D:\qiand-life\1-projects\xr-code-suite\output\lab-management-system-springboot\.openapi-tmp\java\pom.xml
[main] [34mINFO [0;39m o.o.codegen.TemplateManager - writing file D:\qiand-life\1-projects\xr-code-suite\output\lab-management-system-springboot\.openapi-tmp\java\README.md
[main] [34mINFO [0;39m o.o.codegen.TemplateManager - writing file D:\qiand-life\1-projects\xr-code-suite\output\lab-management-system-springboot\.openapi-tmp\java\src\main\java\io\xr\lab\shared\api\ApiUtil.java
[main] [34mINFO [0;39m o.o.codegen.TemplateManager - writing file D:\qiand-life\1-projects\xr-code-suite\output\lab-management-system-springboot\.openapi-tmp\java\src\main\java\org\openapitools\configuration\EnumConverterConfiguration.java
[main] [34mINFO [0;39m o.o.codegen.TemplateManager - writing file D:\qiand-life\1-projects\xr-code-suite\output\lab-management-system-springboot\.openapi-tmp\java\.openapi-generator-ignore
[main] [34mINFO [0;39m o.o.codegen.TemplateManager - writing file D:\qiand-life\1-projects\xr-code-suite\output\lab-management-system-springboot\.openapi-tmp\java\.openapi-generator\VERSION
[main] [34mINFO [0;39m o.o.codegen.TemplateManager - writing file D:\qiand-life\1-projects\xr-code-suite\output\lab-management-system-springboot\.openapi-tmp\java\.openapi-generator\FILES
############################################################################################
# Thanks for using OpenAPI Generator.                                                      #
# We appreciate your support! Please consider donation to help us maintain this project.   #
# https://opencollective.com/openapi_generator/donate                                      #
############################################################################################
[gen-shared] OK
[gen-shared]    DB schema 同步请跑: bash scripts/scaffold-entities.sh（shared 已 db:migrate 之后）
[gen-shared]    ADR-0026 marker 已落盘: /d/qiand-life/1-projects/xr-code-suite/output/lab-management-system-springboot/.state/last-gen-shared.json (shared HEAD 88a9b32)
