
  .   ____          _            __ _ _
 /\\ / ___'_ __ _ _(_)_ __  __ _ \ \ \ \
( ( )\___ | '_ | '_| | '_ \/ _` | \ \ \ \
 \\/  ___)| |_)| | | | | || (_| |  ) ) ) )
  '  |____| .__|_| |_|_| |_\__, | / / / /
 =========|_|==============|___/=/_/_/_/

 :: Spring Boot ::                (v3.4.1)

2026-09-21T01:37:09.542+08:00  INFO 21052 --- [lab-management-system-springboot] [           main] io.xr.harness.Application                : Starting Application using Java 21.0.6 with PID 21052 (D:\qiand-life\1-projects\xr-code-suite\output\lab-management-system-springboot\target\classes started by zcqiand in D:\qiand-life\1-projects\xr-code-suite\output\lab-management-system-springboot)
2026-09-21T01:37:09.542+08:00  INFO 21052 --- [lab-management-system-springboot] [           main] io.xr.harness.Application                : No active profile set, falling back to 1 default profile: "default"
2026-09-21T01:37:10.040+08:00  INFO 21052 --- [lab-management-system-springboot] [           main] .s.d.r.c.RepositoryConfigurationDelegate : Bootstrapping Spring Data JPA repositories in DEFAULT mode.
2026-09-21T01:37:10.104+08:00  INFO 21052 --- [lab-management-system-springboot] [           main] .s.d.r.c.RepositoryConfigurationDelegate : Finished Spring Data repository scanning in 55 ms. Found 24 JPA repository interfaces.
2026-09-21T01:37:10.831+08:00  INFO 21052 --- [lab-management-system-springboot] [           main] o.s.b.w.embedded.tomcat.TomcatWebServer  : Tomcat initialized with port 5205 (http)
2026-09-21T01:37:10.855+08:00  INFO 21052 --- [lab-management-system-springboot] [           main] o.apache.catalina.core.StandardService   : Starting service [Tomcat]
2026-09-21T01:37:10.855+08:00  INFO 21052 --- [lab-management-system-springboot] [           main] o.apache.catalina.core.StandardEngine    : Starting Servlet engine: [Apache Tomcat/10.1.34]
2026-09-21T01:37:10.910+08:00  INFO 21052 --- [lab-management-system-springboot] [           main] o.a.c.c.C.[Tomcat].[localhost].[/]       : Initializing Spring embedded WebApplicationContext
2026-09-21T01:37:10.910+08:00  INFO 21052 --- [lab-management-system-springboot] [           main] w.s.c.ServletWebServerApplicationContext : Root WebApplicationContext: initialization completed in 1328 ms
2026-09-21T01:37:11.127+08:00  INFO 21052 --- [lab-management-system-springboot] [           main] o.hibernate.jpa.internal.util.LogHelper  : HHH000204: Processing PersistenceUnitInfo [name: default]
2026-09-21T01:37:11.164+08:00  INFO 21052 --- [lab-management-system-springboot] [           main] org.hibernate.Version                    : HHH000412: Hibernate ORM core version 6.6.4.Final
2026-09-21T01:37:11.181+08:00  INFO 21052 --- [lab-management-system-springboot] [           main] o.h.c.internal.RegionFactoryInitiator    : HHH000026: Second-level cache disabled
2026-09-21T01:37:11.362+08:00  INFO 21052 --- [lab-management-system-springboot] [           main] o.s.o.j.p.SpringPersistenceUnitInfo      : No LoadTimeWeaver setup: ignoring JPA class transformer
2026-09-21T01:37:11.378+08:00  INFO 21052 --- [lab-management-system-springboot] [           main] com.zaxxer.hikari.HikariDataSource       : HikariPool-1 - Starting...
2026-09-21T01:37:13.820+08:00  INFO 21052 --- [lab-management-system-springboot] [           main] com.zaxxer.hikari.pool.HikariPool        : HikariPool-1 - Added connection org.postgresql.jdbc.PgConnection@127d2aee
2026-09-21T01:37:13.821+08:00  INFO 21052 --- [lab-management-system-springboot] [           main] com.zaxxer.hikari.HikariDataSource       : HikariPool-1 - Start completed.
2026-09-21T01:37:15.083+08:00  INFO 21052 --- [lab-management-system-springboot] [           main] org.hibernate.orm.connections.pooling    : HHH10001005: Database info:
	Database JDBC URL [Connecting through datasource 'HikariDataSource (HikariPool-1)']
	Database driver: undefined/unknown
	Database version: 16.14
	Autocommit mode: undefined/unknown
	Isolation level: undefined/unknown
	Minimum pool size: undefined/unknown
	Maximum pool size: undefined/unknown
2026-09-21T01:37:15.996+08:00  INFO 21052 --- [lab-management-system-springboot] [           main] o.h.e.t.j.p.i.JtaPlatformInitiator       : HHH000489: No JTA platform available (set 'hibernate.transaction.jta.platform' to enable JTA platform integration)
2026-09-21T01:37:21.472+08:00  INFO 21052 --- [lab-management-system-springboot] [           main] j.LocalContainerEntityManagerFactoryBean : Initialized JPA EntityManagerFactory for persistence unit 'default'
2026-09-21T01:37:21.774+08:00  INFO 21052 --- [lab-management-system-springboot] [           main] o.s.d.j.r.query.QueryEnhancerFactory     : Hibernate is in classpath; If applicable, HQL parser will be used.
2026-09-21T01:37:23.669+08:00  INFO 21052 --- [lab-management-system-springboot] [           main] o.s.b.a.e.web.EndpointLinksResolver      : Exposing 1 endpoint beneath base path '/actuator'
2026-09-21T01:37:24.008+08:00  WARN 21052 --- [lab-management-system-springboot] [           main] ConfigServletWebServerApplicationContext : Exception encountered during context initialization - cancelling refresh attempt: org.springframework.context.ApplicationContextException: Failed to start bean 'webServerStartStop'
2026-09-21T01:37:24.012+08:00  INFO 21052 --- [lab-management-system-springboot] [           main] j.LocalContainerEntityManagerFactoryBean : Closing JPA EntityManagerFactory for persistence unit 'default'
2026-09-21T01:37:24.013+08:00  INFO 21052 --- [lab-management-system-springboot] [           main] com.zaxxer.hikari.HikariDataSource       : HikariPool-1 - Shutdown initiated...
2026-09-21T01:37:25.397+08:00  INFO 21052 --- [lab-management-system-springboot] [           main] com.zaxxer.hikari.HikariDataSource       : HikariPool-1 - Shutdown completed.
2026-09-21T01:37:25.398+08:00  INFO 21052 --- [lab-management-system-springboot] [           main] .s.b.a.l.ConditionEvaluationReportLogger : 

Error starting ApplicationContext. To display the condition evaluation report re-run your application with 'debug' enabled.
2026-09-21T01:37:25.414+08:00 ERROR 21052 --- [lab-management-system-springboot] [           main] o.s.b.d.LoggingFailureAnalysisReporter   : 

***************************
APPLICATION FAILED TO START
***************************

Description:

Web server failed to start. Port 5205 was already in use.

Action:

Identify and stop the process that's listening on port 5205 or configure this application to listen on another port.

[ERROR] Failed to execute goal org.springframework.boot:spring-boot-maven-plugin:3.4.1:run (default-cli) on project lab-management-system-springboot: Process terminated with exit code: 1 -> [Help 1]
[ERROR] 
[ERROR] To see the full stack trace of the errors, re-run Maven with the -e switch.
[ERROR] Re-run Maven using the -X switch to enable full debug logging.
[ERROR] 
[ERROR] For more information about the errors and possible solutions, please read the following articles:
[ERROR] [Help 1] http://cwiki.apache.org/confluence/display/MAVEN/MojoExecutionException
